10:48:04 **** Incremental Build of configuration Debug for project led_matrix_variable ****
make all 
make --no-print-directory pre-build
a9-linaro-pre-build-step
' '
make --no-print-directory main-build
'Building file: ../src/led.c'
'Invoking: ARM v7 gcc compiler'
arm-none-eabi-gcc -Wall -O0 -g3 -c -fmessage-length=0 -MT"src/led.o" -mcpu=cortex-a9 -mfpu=vfpv3 -mfloat-abi=hard -IC:/Users/thego/Desktop/HSC_PNM/vitis_software/Wrapper_Ch3_Correct_ETH/export/Wrapper_Ch3_Correct_ETH/sw/Wrapper_Ch3_Correct_ETH/freertos10_xilinx_ps7_cortexa9_0/bspinclude/include -MMD -MP -MF"src/led.d" -MT"src/led.o" -o "src/led.o" "../src/led.c"
../src/led.c: In function 'Gamma_LUT_Init':
../src/led.c:146:17: warning: suggest parentheses around arithmetic in operand of '|' [-Wparentheses]
  146 |  return (HexCol & 0xFF0000000 | (g << 16) | (r << 8) | (b << 0));
      |          ~~~~~~~^~~~~~~~~~~~~
../src/led.c: In function 'Gamma_L_Init':
../src/led.c:161:16: warning: suggest parentheses around arithmetic in operand of '|' [-Wparentheses]
  161 |  return (buffi & 0xFF0000000 | (g << 16) | (r << 8) | (b << 0));
      |          ~~~~~~^~~~~~~~~~~~~
../src/led.c: At top level:
../src/led.c:209:1: warning: return type defaults to 'int' [-Wimplicit-int]
  209 | display_matrix_L_function(uint32_t *buffer, int channel)
      | ^~~~~~~~~~~~~~~~~~~~~~~~~
../src/led.c: In function 'print_active_tasks':
../src/led.c:302:18: warning: unused variable 'taskStatusArray' [-Wunused-variable]
  302 |     TaskStatus_t taskStatusArray[20];
      |                  ^~~~~~~~~~~~~~~
../src/led.c: In function 'led_thread':
../src/led.c:356:9: warning: 'return' with no value, in function returning non-void [-Wreturn-type]
  356 |         return;
      |         ^~~~~~
../src/led.c:332:5: note: declared here
  332 | int led_thread(uint32_t total_elements_received){
      |     ^~~~~~~~~~
../src/led.c:361:9: warning: 'return' with no value, in function returning non-void [-Wreturn-type]
  361 |         return;
      |         ^~~~~~
../src/led.c:332:5: note: declared here
  332 | int led_thread(uint32_t total_elements_received){
      |     ^~~~~~~~~~
../src/led.c:412:10: warning: unused variable 'Transmit_Status' [-Wunused-variable]
  412 |      u32 Transmit_Status = XAxiDma_SimpleTransfer(DMA_Instances[channel], (UINTPTR)LED_BUFFER_Instances[channel], 4 * BUFFER_SIZE, XAXIDMA_DMA_TO_DEVICE);
      |          ^~~~~~~~~~~~~~~
../src/led.c:447:37: warning: passing argument 1 of 'display_matrix_L_function' from incompatible pointer type [-Wincompatible-pointer-types]
  447 |           display_matrix_L_function(LED_BUFFER_4848L, 1);
      |                                     ^~~~~~~~~~~~~~~~
      |                                     |
      |                                     uint32_t ** {aka long unsigned int **}
../src/led.c:209:37: note: expected 'uint32_t *' {aka 'long unsigned int *'} but argument is of type 'uint32_t **' {aka 'long unsigned int **'}
  209 | display_matrix_L_function(uint32_t *buffer, int channel)
      |                           ~~~~~~~~~~^~~~~~
../src/led.c:451:15: warning: variable 'Transmit_Status' set but not used [-Wunused-but-set-variable]
  451 |           u32 Transmit_Status = XAxiDma_SimpleTransfer(DMA_Instances[0], (UINTPTR)LED_BUFFER_Instances[0], 4 * BUFFER_SIZE, XAXIDMA_DMA_TO_DEVICE);
      |               ^~~~~~~~~~~~~~~
../src/led.c:494:15: warning: unused variable 'Transmit_Status' [-Wunused-variable]
  494 |           u32 Transmit_Status = XAxiDma_SimpleTransfer(DMA_Instances[channel], (UINTPTR)LED_BUFFER_Instances[channel], 4 * BUFFER_SIZE, XAXIDMA_DMA_TO_DEVICE);
      |               ^~~~~~~~~~~~~~~
../src/led.c:335:8: warning: unused variable 'counter' [-Wunused-variable]
  335 |    int counter = 0;
      |        ^~~~~~~
../src/led.c: In function 'display_matrix_L_function':
../src/led.c:256:1: warning: control reaches end of non-void function [-Wreturn-type]
  256 | }
      | ^
'Finished building: ../src/led.c'
' '
'Building target: led_matrix_variable.elf'
'Invoking: ARM v7 gcc linker'
arm-none-eabi-gcc -mcpu=cortex-a9 -mfpu=vfpv3 -mfloat-abi=hard -Wl,-build-id=none -specs=Xilinx.spec -Wl,-T -Wl,../src/lscript.ld -LC:/Users/thego/Desktop/HSC_PNM/vitis_software/Wrapper_Ch3_Correct_ETH/export/Wrapper_Ch3_Correct_ETH/sw/Wrapper_Ch3_Correct_ETH/freertos10_xilinx_ps7_cortexa9_0/bsplib/lib -o "led_matrix_variable.elf"  ./src/access_semphr.o ./src/echo.o ./src/iic_phyreset.o ./src/led.o ./src/main.o   -Wl,--start-group,-lxil,-lfreertos,-lgcc,-lc,--end-group -Wl,--start-group,-lxil,-llwip4,-lgcc,-lc,--end-group
'Finished building target: led_matrix_variable.elf'
' '
'Invoking: ARM v7 Print Size'
arm-none-eabi-size led_matrix_variable.elf  |tee "led_matrix_variable.elf.size"
   text	   data	    bss	    dec	    hex	filename
 185016	   3700	5363776	5552492	 54b96c	led_matrix_variable.elf
'Finished building: led_matrix_variable.elf.size'
' '

10:48:05 Build Finished (took 1s.87ms)

